

- Operational Errors
	- Because of the simplicity of the app, there is very little surface area for operational errors.

		- No means by which user can submit invalid input
		- One Async function which gathers data from a local asset
			- Added error handling to this function
			- Added validation to Controller.UpdateQuote function 



- Programmer Errors
	
	- Because of limited user input capabilities and extremely simple logic, all programmer
	errors should be eliminated. 

